[strong.denemehosting.com/index.html]
[backblue.gif]
[fade.gif]
[index.html]
[d25tea7qfcsjlw.cloudfront.net/0/temel/45.png]
[d25tea7qfcsjlw.cloudfront.net/19541/modul/418733/2627.png]
[strong.denemehosting.com/hakkimizda.html]
[strong.denemehosting.com/hizmetlerimiz.html]
[strong.denemehosting.com/tasarim.html]
[strong.denemehosting.com/uygulama.html]
[strong.denemehosting.com/kentsel-donusum.html]
[strong.denemehosting.com/danismanlik.html]
[strong.denemehosting.com/projeler.html]
[strong.denemehosting.com/tamamlanan-projeler.html]
[strong.denemehosting.com/devam-eden-projeler.html]
[strong.denemehosting.com/blog.html]
[strong.denemehosting.com/iletisim.html]
[d25tea7qfcsjlw.cloudfront.net/19541/modul/418924/501440.png]
[d25tea7qfcsjlw.cloudfront.net/19541/modul/419419/502084.png]
[d25tea7qfcsjlw.cloudfront.net/19484/msm/6386232972e06.png]
[d25tea7qfcsjlw.cloudfront.net/19484/msm/6386233a9f5ca.png]
[strong.denemehosting.com/index.html]
[strong.denemehosting.com/misyon-ve-vizyon.html]
[d25tea7qfcsjlw.cloudfront.net/0/sablon/js-20220808181543.js]
[strong.denemehosting.com/insan-kaynaklari.html]
[strong.denemehosting.com/hakkimizda.html]
[strong.denemehosting.com/hizmetlerimiz.html]
[strong.denemehosting.com/tasarim.html]
[strong.denemehosting.com/uygulama.html]
[strong.denemehosting.com/kentsel-donusum.html]
[strong.denemehosting.com/danismanlik.html]
[strong.denemehosting.com/projeler.html]
[strong.denemehosting.com/tamamlanan-projeler.html]
[strong.denemehosting.com/devam-eden-projeler.html]
[strong.denemehosting.com/kalite-politikasi.html]
[strong.denemehosting.com/degerlerimiz.html]
[strong.denemehosting.com/blog/phasellus-ultricies-nisl.html]
[strong.denemehosting.com/blog.html]
[strong.denemehosting.com/iletisim.html]
[strong.denemehosting.com/blog/blog-2.html]
[strong.denemehosting.com/blog/blog-1.html]
[strong.denemehosting.com/misyon-ve-vizyon.html]
[strong.denemehosting.com/insan-kaynaklari.html]
[strong.denemehosting.com/kalite-politikasi.html]
[strong.denemehosting.com/degerlerimiz.html]
[d25tea7qfcsjlw.cloudfront.net/19541/kicerik/201441/o-1715.jpg]
[strong.denemehosting.com/blog/phasellus-ultricies-nisl.html]
[d25tea7qfcsjlw.cloudfront.net/19541/kicerik/201440/o-1705.jpg]
[strong.denemehosting.com/blog/blog-2.html]
[d25tea7qfcsjlw.cloudfront.net/19541/kicerik/201439/o-1655.jpg]
[strong.denemehosting.com/blog/blog-1.html]
